{"version":3,"sources":["test"],"names":["compiler","main","container","depth0","helpers","partials","data","useData"],"mappings":"kHAAA,CAAAA,SAAA,CAAA,EAAA,YAAAC,KAAA,SAAAC,EAAAC,EAAAC,EAAAC,EAAAC,GAAA,MAAA,gBAAAC,SAAA"}